// Jest Snapshot v1, https://goo.gl/fbAQLP

exports[`DumbComponent === Header must match snapshot 1`] = `
<div>
  <header>
    <div>
      <div>
        <h1>
          <span>
            Thought
          </span>
          <span>
            Log
          </span>
        </h1>
      </div>
      <nav>
        <ul>
          <li>
            <NavLink
              activeClassName="active"
              ariaCurrent="true"
              exact={true}
              to="/sign_in"
            >
              Log in
            </NavLink>
          </li>
          <li>
            <NavLink
              activeClassName="active"
              ariaCurrent="true"
              to="/sign_up"
            >
              Sign up
            </NavLink>
          </li>
        </ul>
      </nav>
    </div>
  </header>
</div>
`;
